[149月2026 19:49:30.194] [main/INFO] [cpw.mods.modlauncher.Launcher/MODLAUNCHER]: ModLauncher running: args [--launchTarget, forgedatadev, --assetIndex, 17, --assetsDir, C:\\Users\\yukke\\.gradle\\caches\\neoformruntime\\assets, --gameDir, ., --fml.fmlVersion, 4.0.43, --fml.mcVersion, 1.21.1, --fml.neoForgeVersion, 21.1.248, --fml.neoFormVersion, 20240808.144430, --mod, cobblestonexxcompressed, --all, --output, D:\\cobblestonexxcompressed-1_21_1\\src\\generated\\resources, --existing, D:\\cobblestonexxcompressed-1_21_1\\src\\main\\resources]
[149月2026 19:49:30.197] [main/INFO] [cpw.mods.modlauncher.Launcher/MODLAUNCHER]: JVM identified as Eclipse Adoptium OpenJDK 64-Bit Server VM 21.0.11+10-LTS
[149月2026 19:49:30.198] [main/INFO] [cpw.mods.modlauncher.Launcher/MODLAUNCHER]: ModLauncher 11.0.5+main.901c6ea8 starting: java version 21.0.11 by Eclipse Adoptium; OS Windows 11 arch amd64 version 10.0
[149月2026 19:49:30.307] [main/INFO] [net.neoforged.fml.loading.ImmediateWindowHandler/]: ImmediateWindowProvider not loading because launch target is forgedatadev
[149月2026 19:49:30.361] [main/INFO] [mixin/]: SpongePowered MIXIN Subsystem Version=0.8.7 Source=union:/C:/Users/yukke/.gradle/caches/modules-2/files-2.1/net.fabricmc/sponge-mixin/0.15.2+mixin.0.8.7/2af2f021d8e02a0220dc27a7a72b4666d66d44ca/sponge-mixin-0.15.2+mixin.0.8.7.jar%23138!/ Service=ModLauncher Env=CLIENT
[149月2026 19:49:30.860] [main/INFO] [net.neoforged.fml.loading.moddiscovery.locators.JarInJarDependencyLocator/]: Found 2 dependencies adding them to mods collection
[149月2026 19:49:30.861] [main/INFO] [net.neoforged.fml.loading.moddiscovery.ModDiscoverer/]: 
     Mod List:
		Name Version (Mod Id)

		Applied Energistics 2 19.2.17 (ae2)
		Cobblestone xXCompressed 1.4.4 (cobblestonexxcompressed)
		GuideME 21.1.1 (guideme)
		Jade 15.10.5+neoforge (jade)
		Just Enough Items 19.44.0.406 (jei)
		Minecraft 1.21.1 (minecraft)
		NeoForge 21.1.248 (neoforge)
[149月2026 19:49:31.755] [main/INFO] [cpw.mods.modlauncher.LaunchServiceHandler/MODLAUNCHER]: Launching target 'forgedatadev' with arguments [--gameDir, ., --assetsDir, C:\Users\yukke\.gradle\caches\neoformruntime\assets, --assetIndex, 17, --mod, cobblestonexxcompressed, --all, --output, D:\\cobblestonexxcompressed-1_21_1\\src\\generated\\resources, --existing, D:\\cobblestonexxcompressed-1_21_1\\src\\main\\resources]
[149月2026 19:49:32.692] [main/INFO] [net.neoforged.neoforge.data.loading.DatagenModLoader/]: Initializing Data Gatherer for mods [cobblestonexxcompressed]
[149月2026 19:49:32.708] [main/INFO] [MixinExtras|Service/]: Initializing MixinExtras via com.llamalad7.mixinextras.service.MixinExtrasServiceImpl(version=0.5.3).
[149月2026 19:49:37.187] [modloading-worker-0/INFO] [net.neoforged.neoforge.common.NeoForgeMod/NEOFORGE-MOD]: NeoForge mod loading, version 21.1.248, for MC 1.21.1
[149月2026 19:49:37.274] [modloading-worker-0/WARN] [AE2:C/]: Unable to find class com.simibubi.create.foundation.ponder.PonderWorld. Integration with PonderJS disabled.
[149月2026 19:49:37.435] [modloading-worker-0/INFO] [mezz.jei.library.load.PluginCaller/]: Sending ConfigManager...
[149月2026 19:49:37.443] [modloading-worker-0/INFO] [mezz.jei.library.load.PluginCaller/]: Sending ConfigManager took 5.763 milliseconds
[149月2026 19:49:38.465] [main/WARN] [net.minecraft.server.packs.VanillaPackResourcesBuilder/]: Assets URL 'union:/D:/cobblestonexxcompressed-1_21_1/build/moddev/artifacts/neoforge-21.1.248.jar%23189!/assets/.mcassetsroot' uses unexpected schema
[149月2026 19:49:38.466] [main/WARN] [net.minecraft.server.packs.VanillaPackResourcesBuilder/]: Assets URL 'union:/D:/cobblestonexxcompressed-1_21_1/build/moddev/artifacts/neoforge-21.1.248.jar%23189!/data/.mcassetsroot' uses unexpected schema
[149月2026 19:49:38.963] [main/INFO] [net.minecraft.data.DataGenerator/]: Starting provider: Block States: cobblestonexxcompressed
[149月2026 19:49:39.057] [main/INFO] [net.minecraft.data.DataGenerator/]: Block States: cobblestonexxcompressed finished after 92 ms
[149月2026 19:49:39.057] [main/INFO] [net.minecraft.data.DataGenerator/]: Starting provider: Item Models: cobblestonexxcompressed
[149月2026 19:49:39.090] [main/INFO] [net.minecraft.data.DataGenerator/]: Item Models: cobblestonexxcompressed finished after 32 ms
[149月2026 19:49:39.090] [main/INFO] [net.minecraft.data.DataGenerator/]: Starting provider: Languages: en_us for mod: cobblestonexxcompressed
[149月2026 19:49:39.100] [main/INFO] [net.minecraft.data.DataGenerator/]: Languages: en_us for mod: cobblestonexxcompressed finished after 10 ms
[149月2026 19:49:39.100] [main/INFO] [net.minecraft.data.DataGenerator/]: Starting provider: Languages: ja_jp for mod: cobblestonexxcompressed
[149月2026 19:49:39.107] [main/INFO] [net.minecraft.data.DataGenerator/]: Languages: ja_jp for mod: cobblestonexxcompressed finished after 6 ms
[149月2026 19:49:39.107] [main/INFO] [net.minecraft.data.DataGenerator/]: Starting provider: Recipes
[149月2026 19:49:39.426] [main/INFO] [net.minecraft.data.DataGenerator/]: Recipes finished after 318 ms
[149月2026 19:49:39.426] [main/INFO] [net.minecraft.data.DataGenerator/]: Starting provider: Tags for minecraft:block mod id cobblestonexxcompressed
[149月2026 19:49:39.431] [main/INFO] [net.minecraft.data.DataGenerator/]: Tags for minecraft:block mod id cobblestonexxcompressed finished after 4 ms
[149月2026 19:49:39.431] [main/INFO] [net.minecraft.data.DataGenerator/]: Starting provider: Tags for minecraft:item mod id cobblestonexxcompressed
[149月2026 19:49:39.434] [main/INFO] [net.minecraft.data.DataGenerator/]: Tags for minecraft:item mod id cobblestonexxcompressed finished after 3 ms
[149月2026 19:49:39.435] [main/INFO] [net.minecraft.data.DataGenerator/]: Starting provider: CobblestonexXCompressed Block Loot Tables
[149月2026 19:49:39.438] [main/INFO] [net.minecraft.data.DataGenerator/]: CobblestonexXCompressed Block Loot Tables finished after 3 ms
[149月2026 19:49:39.438] [main/INFO] [net.minecraft.data.DataGenerator/]: Starting provider: Global Loot Modifiers : cobblestonexxcompressed
[149月2026 19:49:39.442] [main/INFO] [net.minecraft.data.DataGenerator/]: Global Loot Modifiers : cobblestonexxcompressed finished after 4 ms
[149月2026 19:49:39.443] [main/INFO] [net.minecraft.data.DataGenerator/]: All providers took: 479 ms
[149月2026 19:49:39.476] [main/INFO] [net.minecraft.data.HashCache/]: Caching: total files: 2676, old count: 2675, new count: 2677, removed stale: 0, written: 2
